{
  "name": "@lit-internal/test-element-a-vue",
  "type": "module",
  "scripts": {
    "dev": "vite",
    "build": "npm run build:declarations && vite build",
    "typecheck": "vue-tsc --noEmit",
    "build:declarations": "vue-tsc --declaration --emitDeclarationOnly",
    "preview": "vite preview"
  },
  "version": "1.0.1",
  "dependencies": {
    "@lit-internal/test-element-a": "^1.0.1",
    "vue": "^3.2.41",
    "@lit-labs/vue-utils": "^0.1.0"
  },
  "devDependencies": {
    "typescript": "~5.5.0",
    "@vitejs/plugin-vue": "^5.0.5",
    "@rollup/plugin-typescript": "^11.1.6",
    "vite": "^5.3.1",
    "vue-tsc": "^2.0.22"
  },
  "files": [
    "ElementA.*",
    "ElementEvents.*",
    "ElementMixins.*",
    "ElementProps.*",
    "ElementSlots.*",
    "ElementWithoutProps.*",
    "sub/ElementSub.*"
  ]
}
