{
  "name": "@lit-internal/test-element-a-ng",
  "type": "module",
  "scripts": {
    "build": "tsc",
    "build:watch": "tsc --watch"
  },
  "version": "1.0.1",
  "dependencies": {
    "@lit-internal/test-element-a": "^1.0.1"
  },
  "peerDependencies": {
    "@angular/common": "^13.3.0",
    "@angular/core": "^13.3.0"
  },
  "devDependencies": {
    "typescript": "~5.5.0"
  },
  "files": [
    "element-a.js",
    "element-events.js",
    "element-mixins.js",
    "element-props.js",
    "element-slots.js",
    "element-without-props.js",
    "sub/element-sub.js"
  ]
}
